
> sanskar-shopping@0.1.0 build
> next build

node.exe : ΓÜá Warning: Next.js inferred your workspace root, but it may not be correct.
At C:\Program Files\nodejs\npm.ps1:29 char:3
+   & $NODE_EXE $NPM_CLI_JS $args
+   ~~~~~~~~~~~~~~~~~~~~~~~~~~~~~
    + CategoryInfo          : NotSpecified: (ΓÜá Warning: Ne...not be correct.:String) [], RemoteException
    + FullyQualifiedErrorId : NativeCommandError
 
 We detected multiple lockfiles and selected the directory of C:\Users\sansk.SANSKRITI\package-lock.json as the root 
directory.
 To silence this warning, set `turbopack.root` in your Next.js config, or consider removing one of the lockfiles if 
it's not needed.
   See https://nextjs.org/docs/app/api-reference/config/next-config-js/turbopack#root-directory for more information.
 Detected additional lockfiles: 
   * C:\Users\sansk.SANSKRITI\Desktop\Sanskar Shopping\package-lock.json

Γû▓ Next.js 16.2.6 (Turbopack)

  Creating an optimized production build ...

> Build error occurred
Error: Turbopack build failed with 6 errors:
./Desktop/Sanskar Shopping/src/components/Footer.tsx:5:1
Export Facebook doesn't exist in target module
  [90m3 |[0m [36mimport[0m [33mReact[0m [36mfrom[0m [32m"react"[0m;
  [90m4 |[0m [36mimport[0m [33mLink[0m [36mfrom[0m [32m"next/link"[0m;
[31m[1m>[0m [90m5 |[0m [36mimport[0m { [33mShoppingBag[0m, [33mInstagram[0m, [33mTwitter[0m, 
[33mFacebook[0m, [33mMail[0m, [33mMapPin[0m, [33mPhone[0m } [36mfrom[0m [32m"lucide-react"[0m;
  [90m  |[0m 
[31m[1m^^^^^^^^^^^^^^^^^^^^^^^^^^^^^^^^^^^^^^^^^^^^^^^^^^^^^^^^^^^^^^^^^^^^^^^^^^^^^^^^^^^^^^^^^^^^^^[0m
  [90m6 |[0m
  [90m7 |[0m [36mexport[0m [36mdefault[0m [36mfunction[0m [33mFooter[0m() {
  [90m8 |[0m   [36mreturn[0m (

The export Facebook was not found in module [project]/Desktop/Sanskar 
Shopping/node_modules/lucide-react/dist/esm/lucide-react.mjs [app-client] (ecmascript).
Did you mean to import Webhook?
All exports of the module are statically known (It doesn't have dynamic exports). So it's known statically that the 
requested export doesn't exist.

Import traces:
  Client Component Browser:
    ./Desktop/Sanskar Shopping/src/components/Footer.tsx [Client Component Browser]
    ./Desktop/Sanskar Shopping/src/components/LayoutWrapper.tsx [Client Component Browser]
    ./Desktop/Sanskar Shopping/src/components/LayoutWrapper.tsx [Server Component]
    ./Desktop/Sanskar Shopping/src/app/layout.tsx [Server Component]

  Client Component SSR:
    ./Desktop/Sanskar Shopping/src/components/Footer.tsx [Client Component SSR]
    ./Desktop/Sanskar Shopping/src/components/LayoutWrapper.tsx [Client Component SSR]
    ./Desktop/Sanskar Shopping/src/components/LayoutWrapper.tsx [Server Component]
    ./Desktop/Sanskar Shopping/src/app/layout.tsx [Server Component]


./Desktop/Sanskar Shopping/src/components/Footer.tsx:5:1
Export Facebook doesn't exist in target module
  [90m3 |[0m [36mimport[0m [33mReact[0m [36mfrom[0m [32m"react"[0m;
  [90m4 |[0m [36mimport[0m [33mLink[0m [36mfrom[0m [32m"next/link"[0m;
[31m[1m>[0m [90m5 |[0m [36mimport[0m { [33mShoppingBag[0m, [33mInstagram[0m, [33mTwitter[0m, 
[33mFacebook[0m, [33mMail[0m, [33mMapPin[0m, [33mPhone[0m } [36mfrom[0m [32m"lucide-react"[0m;
  [90m  |[0m 
[31m[1m^^^^^^^^^^^^^^^^^^^^^^^^^^^^^^^^^^^^^^^^^^^^^^^^^^^^^^^^^^^^^^^^^^^^^^^^^^^^^^^^^^^^^^^^^^^^^^[0m
  [90m6 |[0m
  [90m7 |[0m [36mexport[0m [36mdefault[0m [36mfunction[0m [33mFooter[0m() {
  [90m8 |[0m   [36mreturn[0m (

The export Facebook was not found in module [project]/Desktop/Sanskar 
Shopping/node_modules/lucide-react/dist/esm/lucide-react.mjs [app-ssr] (ecmascript).
Did you mean to import Webhook?
All exports of the module are statically known (It doesn't have dynamic exports). So it's known statically that the 
requested export doesn't exist.

Import traces:
  Client Component Browser:
    ./Desktop/Sanskar Shopping/src/components/Footer.tsx [Client Component Browser]
    ./Desktop/Sanskar Shopping/src/components/LayoutWrapper.tsx [Client Component Browser]
    ./Desktop/Sanskar Shopping/src/components/LayoutWrapper.tsx [Server Component]
    ./Desktop/Sanskar Shopping/src/app/layout.tsx [Server Component]

  Client Component SSR:
    ./Desktop/Sanskar Shopping/src/components/Footer.tsx [Client Component SSR]
    ./Desktop/Sanskar Shopping/src/components/LayoutWrapper.tsx [Client Component SSR]
    ./Desktop/Sanskar Shopping/src/components/LayoutWrapper.tsx [Server Component]
    ./Desktop/Sanskar Shopping/src/app/layout.tsx [Server Component]


./Desktop/Sanskar Shopping/src/components/Footer.tsx:5:1
Export Instagram doesn't exist in target module
  [90m3 |[0m [36mimport[0m [33mReact[0m [36mfrom[0m [32m"react"[0m;
  [90m4 |[0m [36mimport[0m [33mLink[0m [36mfrom[0m [32m"next/link"[0m;
[31m[1m>[0m [90m5 |[0m [36mimport[0m { [33mShoppingBag[0m, [33mInstagram[0m, [33mTwitter[0m, 
[33mFacebook[0m, [33mMail[0m, [33mMapPin[0m, [33mPhone[0m } [36mfrom[0m [32m"lucide-react"[0m;
  [90m  |[0m 
[31m[1m^^^^^^^^^^^^^^^^^^^^^^^^^^^^^^^^^^^^^^^^^^^^^^^^^^^^^^^^^^^^^^^^^^^^^^^^^^^^^^^^^^^^^^^^^^^^^^[0m
  [90m6 |[0m
  [90m7 |[0m [36mexport[0m [36mdefault[0m [36mfunction[0m [33mFooter[0m() {
  [90m8 |[0m   [36mreturn[0m (

The export Instagram was not found in module [project]/Desktop/Sanskar 
Shopping/node_modules/lucide-react/dist/esm/lucide-react.mjs [app-client] (ecmascript).
Did you mean to import Star?
All exports of the module are statically known (It doesn't have dynamic exports). So it's known statically that the 
requested export doesn't exist.

Import traces:
  Client Component Browser:
    ./Desktop/Sanskar Shopping/src/components/Footer.tsx [Client Component Browser]
    ./Desktop/Sanskar Shopping/src/components/LayoutWrapper.tsx [Client Component Browser]
    ./Desktop/Sanskar Shopping/src/components/LayoutWrapper.tsx [Server Component]
    ./Desktop/Sanskar Shopping/src/app/layout.tsx [Server Component]

  Client Component SSR:
    ./Desktop/Sanskar Shopping/src/components/Footer.tsx [Client Component SSR]
    ./Desktop/Sanskar Shopping/src/components/LayoutWrapper.tsx [Client Component SSR]
    ./Desktop/Sanskar Shopping/src/components/LayoutWrapper.tsx [Server Component]
    ./Desktop/Sanskar Shopping/src/app/layout.tsx [Server Component]


./Desktop/Sanskar Shopping/src/components/Footer.tsx:5:1
Export Instagram doesn't exist in target module
  [90m3 |[0m [36mimport[0m [33mReact[0m [36mfrom[0m [32m"react"[0m;
  [90m4 |[0m [36mimport[0m [33mLink[0m [36mfrom[0m [32m"next/link"[0m;
[31m[1m>[0m [90m5 |[0m [36mimport[0m { [33mShoppingBag[0m, [33mInstagram[0m, [33mTwitter[0m, 
[33mFacebook[0m, [33mMail[0m, [33mMapPin[0m, [33mPhone[0m } [36mfrom[0m [32m"lucide-react"[0m;
  [90m  |[0m 
[31m[1m^^^^^^^^^^^^^^^^^^^^^^^^^^^^^^^^^^^^^^^^^^^^^^^^^^^^^^^^^^^^^^^^^^^^^^^^^^^^^^^^^^^^^^^^^^^^^^[0m
  [90m6 |[0m
  [90m7 |[0m [36mexport[0m [36mdefault[0m [36mfunction[0m [33mFooter[0m() {
  [90m8 |[0m   [36mreturn[0m (

The export Instagram was not found in module [project]/Desktop/Sanskar 
Shopping/node_modules/lucide-react/dist/esm/lucide-react.mjs [app-ssr] (ecmascript).
Did you mean to import Star?
All exports of the module are statically known (It doesn't have dynamic exports). So it's known statically that the 
requested export doesn't exist.

Import traces:
  Client Component Browser:
    ./Desktop/Sanskar Shopping/src/components/Footer.tsx [Client Component Browser]
    ./Desktop/Sanskar Shopping/src/components/LayoutWrapper.tsx [Client Component Browser]
    ./Desktop/Sanskar Shopping/src/components/LayoutWrapper.tsx [Server Component]
    ./Desktop/Sanskar Shopping/src/app/layout.tsx [Server Component]

  Client Component SSR:
    ./Desktop/Sanskar Shopping/src/components/Footer.tsx [Client Component SSR]
    ./Desktop/Sanskar Shopping/src/components/LayoutWrapper.tsx [Client Component SSR]
    ./Desktop/Sanskar Shopping/src/components/LayoutWrapper.tsx [Server Component]
    ./Desktop/Sanskar Shopping/src/app/layout.tsx [Server Component]


./Desktop/Sanskar Shopping/src/components/Footer.tsx:5:1
Export Twitter doesn't exist in target module
  [90m3 |[0m [36mimport[0m [33mReact[0m [36mfrom[0m [32m"react"[0m;
  [90m4 |[0m [36mimport[0m [33mLink[0m [36mfrom[0m [32m"next/link"[0m;
[31m[1m>[0m [90m5 |[0m [36mimport[0m { [33mShoppingBag[0m, [33mInstagram[0m, [33mTwitter[0m, 
[33mFacebook[0m, [33mMail[0m, [33mMapPin[0m, [33mPhone[0m } [36mfrom[0m [32m"lucide-react"[0m;
  [90m  |[0m 
[31m[1m^^^^^^^^^^^^^^^^^^^^^^^^^^^^^^^^^^^^^^^^^^^^^^^^^^^^^^^^^^^^^^^^^^^^^^^^^^^^^^^^^^^^^^^^^^^^^^[0m
  [90m6 |[0m
  [90m7 |[0m [36mexport[0m [36mdefault[0m [36mfunction[0m [33mFooter[0m() {
  [90m8 |[0m   [36mreturn[0m (

The export Twitter was not found in module [project]/Desktop/Sanskar 
Shopping/node_modules/lucide-react/dist/esm/lucide-react.mjs [app-client] (ecmascript).
Did you mean to import Timer?
All exports of the module are statically known (It doesn't have dynamic exports). So it's known statically that the 
requested export doesn't exist.

Import traces:
  Client Component Browser:
    ./Desktop/Sanskar Shopping/src/components/Footer.tsx [Client Component Browser]
    ./Desktop/Sanskar Shopping/src/components/LayoutWrapper.tsx [Client Component Browser]
    ./Desktop/Sanskar Shopping/src/components/LayoutWrapper.tsx [Server Component]
    ./Desktop/Sanskar Shopping/src/app/layout.tsx [Server Component]

  Client Component SSR:
    ./Desktop/Sanskar Shopping/src/components/Footer.tsx [Client Component SSR]
    ./Desktop/Sanskar Shopping/src/components/LayoutWrapper.tsx [Client Component SSR]
    ./Desktop/Sanskar Shopping/src/components/LayoutWrapper.tsx [Server Component]
    ./Desktop/Sanskar Shopping/src/app/layout.tsx [Server Component]


./Desktop/Sanskar Shopping/src/components/Footer.tsx:5:1
Export Twitter doesn't exist in target module
  [90m3 |[0m [36mimport[0m [33mReact[0m [36mfrom[0m [32m"react"[0m;
  [90m4 |[0m [36mimport[0m [33mLink[0m [36mfrom[0m [32m"next/link"[0m;
[31m[1m>[0m [90m5 |[0m [36mimport[0m { [33mShoppingBag[0m, [33mInstagram[0m, [33mTwitter[0m, 
[33mFacebook[0m, [33mMail[0m, [33mMapPin[0m, [33mPhone[0m } [36mfrom[0m [32m"lucide-react"[0m;
  [90m  |[0m 
[31m[1m^^^^^^^^^^^^^^^^^^^^^^^^^^^^^^^^^^^^^^^^^^^^^^^^^^^^^^^^^^^^^^^^^^^^^^^^^^^^^^^^^^^^^^^^^^^^^^[0m
  [90m6 |[0m
  [90m7 |[0m [36mexport[0m [36mdefault[0m [36mfunction[0m [33mFooter[0m() {
  [90m8 |[0m   [36mreturn[0m (

The export Twitter was not found in module [project]/Desktop/Sanskar 
Shopping/node_modules/lucide-react/dist/esm/lucide-react.mjs [app-ssr] (ecmascript).
Did you mean to import Timer?
All exports of the module are statically known (It doesn't have dynamic exports). So it's known statically that the 
requested export doesn't exist.

Import traces:
  Client Component Browser:
    ./Desktop/Sanskar Shopping/src/components/Footer.tsx [Client Component Browser]
    ./Desktop/Sanskar Shopping/src/components/LayoutWrapper.tsx [Client Component Browser]
    ./Desktop/Sanskar Shopping/src/components/LayoutWrapper.tsx [Server Component]
    ./Desktop/Sanskar Shopping/src/app/layout.tsx [Server Component]

  Client Component SSR:
    ./Desktop/Sanskar Shopping/src/components/Footer.tsx [Client Component SSR]
    ./Desktop/Sanskar Shopping/src/components/LayoutWrapper.tsx [Client Component SSR]
    ./Desktop/Sanskar Shopping/src/components/LayoutWrapper.tsx [Server Component]
    ./Desktop/Sanskar Shopping/src/app/layout.tsx [Server Component]


    at <unknown> (./Desktop/Sanskar Shopping/src/components/Footer.tsx:5:1)
    at <unknown> (./Desktop/Sanskar Shopping/src/components/Footer.tsx:5:1)
    at <unknown> (./Desktop/Sanskar Shopping/src/components/Footer.tsx:5:1)
    at <unknown> (./Desktop/Sanskar Shopping/src/components/Footer.tsx:5:1)
    at <unknown> (./Desktop/Sanskar Shopping/src/components/Footer.tsx:5:1)
    at <unknown> (./Desktop/Sanskar Shopping/src/components/Footer.tsx:5:1)
